AR shifter16 behavioral C:/Users/elvircrn/Documents/codes2/LD/LD/LV9/shifter16.vhd sub00/vhpl03 1483609304
AR rom256x32 behavioral C:/Users/elvircrn/Documents/codes2/LD/LD/LV9/zad2.vhd sub00/vhpl01 1483608230
EN rom256x32 NULL C:/Users/elvircrn/Documents/codes2/LD/LD/LV9/zad2.vhd sub00/vhpl00 1483608229
EN shifter16 NULL C:/Users/elvircrn/Documents/codes2/LD/LD/LV9/shifter16.vhd sub00/vhpl02 1483609303
