V3 6
FL C:/Users/elvircrn/Documents/codes2/LD/LD/LV9/shifter16.vhd 2017/01/05.10:41:38 J.36
EN isim_temp/shifter16 1483609303 \
      FL C:/Users/elvircrn/Documents/codes2/LD/LD/LV9/shifter16.vhd \
      PB ieee/std_logic_1164 1179176983 PB ieee/std_logic_arith 1179176985 \
      PB ieee/STD_LOGIC_UNSIGNED 1179176991
AR isim_temp/shifter16/Behavioral 1483609304 \
      FL C:/Users/elvircrn/Documents/codes2/LD/LD/LV9/shifter16.vhd \
      EN isim_temp/shifter16 1483609303
FL C:/Users/elvircrn/Documents/codes2/LD/LD/LV9/zad2.vhd 2017/01/05.10:23:43 J.36
EN isim_temp/ROM256x32 1483608229 \
      FL C:/Users/elvircrn/Documents/codes2/LD/LD/LV9/zad2.vhd \
      PB ieee/std_logic_1164 1179176983 PB ieee/std_logic_arith 1179176985 \
      PB ieee/STD_LOGIC_UNSIGNED 1179176991 PB ieee/NUMERIC_STD 1179176997
AR isim_temp/ROM256x32/behavioral 1483608230 \
      FL C:/Users/elvircrn/Documents/codes2/LD/LD/LV9/zad2.vhd \
      EN isim_temp/ROM256x32 1483608229
